> Task :compileJava FAILED

[Incubating] Problems report is available at: file:///C:/Users/Chris/Antigravity/ProyectoSistemasOperativos/build/reports/problems/problems-report.html
.\gradlew : 
En línea: 1 Carácter: 1
+ .\gradlew 
compileJava 
--console=plain > 
build_output.txt 2>&1
+ ~~~~~~~~~~~~~~~~~~~~~
~~~~~~~~~~~~~~~~~~~~~~~
~~~~~~~~~~~~~~~~~
    + CategoryInfo     
         : NotSpecifi  
  ed: (:String) [],    
 RemoteException
    + FullyQualifiedEr 
   rorId : NativeComm  
  andError
 
FAILURE: Build failed 
with an exception.

* What went wrong:
Execution failed for 
task ':compileJava'.
> Error while 
evaluating property 
'javaCompiler' of task 
':compileJava'.
   > Failed to 
calculate the value of 
task ':compileJava' 
property 
'javaCompiler'.
      > Cannot find a 
Java installation on 
your machine (Windows 
11 10.0 amd64) 
matching: 
{languageVersion=24, 
vendor=any vendor, impl
ementation=vendor-speci
fic, nativeImageCapable
=false}. Toolchain 
download repositories 
have not been 
configured.

* Try:
> Learn more about 
toolchain 
auto-detection and 
auto-provisioning at ht
tps://docs.gradle.org/8
.14.1/userguide/toolcha
ins.html#sec:auto_detec
tion.
> Learn more about 
toolchain repositories 
at https://docs.gradle.
org/8.14.1/userguide/to
olchains.html#sub:downl
oad_repositories.
> Run with 
--stacktrace option to 
get the stack trace.
> Run with --info or 
--debug option to get 
more log output.
> Run with --scan to 
get full insights.
> Get more help at http
s://help.gradle.org.

Deprecated Gradle features were used in this build, making it incompatible with Gradle 9.0.

You can use '--warning-mode all' to show the individual deprecation warnings and determine if they come from your own scripts or plugins.

For more on this, please refer to https://docs.gradle.org/8.14.1/userguide/command_line_interface.html#sec:command_line_warnings in the Gradle documentation.

BUILD FAILED in 848ms
1 actionable task: 1 executed
